// Jest Snapshot v1, https://goo.gl/fbAQLP

exports[`renders an edit listing tile component 1`] = `
<div
  className="tile listing"
/>
`;
